// Jest Snapshot v1, https://goo.gl/fbAQLP

exports[`renders CircularTextButton correctly 1`] = `
<div
  className="sc-bczRLJ dRwWsE"
  onClick={[Function]}
>
  <div
    className="sc-gsnTZi klUVPW"
  >
    <svg
      fill="currentColor"
      height="1em"
      stroke="currentColor"
      strokeWidth="0"
      style={
        Object {
          "color": undefined,
        }
      }
      viewBox="0 0 20 20"
      width="1em"
      xmlns="http://www.w3.org/2000/svg"
    >
      <path
        clipRule="evenodd"
        d="M5.293 7.707a1 1 0 010-1.414l4-4a1 1 0 011.414 0l4 4a1 1 0 01-1.414 1.414L11 5.414V17a1 1 0 11-2 0V5.414L6.707 7.707a1 1 0 01-1.414 0z"
        fillRule="evenodd"
      />
    </svg>
  </div>
  <div
    className="sc-dkzDqf hSBLhr"
  >
    Send
  </div>
</div>
`;
